MPLINK 5.08, LINKER
Linker Map File - Created Mon Sep 03 15:29:44 2018

                                 Section Info
                  Section       Type    Address   Location Size(Bytes)
                ---------  ---------  ---------  ---------  ---------
                      RST       code   0x000000    program   0x000004
                   .cinit    romdata   0x000004    program   0x000002
                      SRT       code   0x000030    program   0x000030



                              Program Memory Usage 
                               Start         End      
                           ---------   ---------      
                            0x000000    0x000005      
                            0x000030    0x00005f      
            54 out of 33048 program addresses used, program memory utilization is 0%



                              Symbols - Sorted by Name
                     Name    Address   Location    Storage File                     
                ---------  ---------  ---------  --------- ---------                
                     Main   0x00004c    program     static Z:\Dropbox\UNI\2018\Semester 2\MTRX3700\Software Exercises\exercise_2.X\main.asm
                    Setup   0x000030    program     static Z:\Dropbox\UNI\2018\Semester 2\MTRX3700\Software Exercises\exercise_2.X\main.asm
      WaitForAdConversion   0x00004e    program     static Z:\Dropbox\UNI\2018\Semester 2\MTRX3700\Software Exercises\exercise_2.X\main.asm



                              Symbols - Sorted by Address
                     Name    Address   Location    Storage File                     
                ---------  ---------  ---------  --------- ---------                
                    Setup   0x000030    program     static Z:\Dropbox\UNI\2018\Semester 2\MTRX3700\Software Exercises\exercise_2.X\main.asm
                     Main   0x00004c    program     static Z:\Dropbox\UNI\2018\Semester 2\MTRX3700\Software Exercises\exercise_2.X\main.asm
      WaitForAdConversion   0x00004e    program     static Z:\Dropbox\UNI\2018\Semester 2\MTRX3700\Software Exercises\exercise_2.X\main.asm


