MPLINK 5.08, LINKER
Linker Map File - Created Thu Aug 23 16:12:24 2018

                                 Section Info
                  Section       Type    Address   Location Size(Bytes)
                ---------  ---------  ---------  ---------  ---------
                      RST       code   0x000000    program   0x000004
                   .cinit    romdata   0x000004    program   0x000002
                        L       code   0x000018    program   0x000004
                      SRT       code   0x000030    program   0x000060
                    dbgP0       code   0x007d30    program   0x0002d0
               .udata_acs      udata   0x000000       data   0x000003
                    dbgD0      udata   0x0005ef       data   0x000011



                              Program Memory Usage 
                               Start         End      
                           ---------   ---------      
                            0x000000    0x000005      
                            0x000018    0x00001b      
                            0x000030    0x00008f      
                            0x007d30    0x007fff      
            826 out of 33048 program addresses used, program memory utilization is 2%



                              Symbols - Sorted by Name
                     Name    Address   Location    Storage File                     
                ---------  ---------  ---------  --------- ---------                
                 LoPriISR   0x00006e    program     static Z:\Dropbox\UNI\2018\Semester 2\MTRX3700\Software Exercises\exercise_3.X\main.asm
                     Main   0x00005a    program     static Z:\Dropbox\UNI\2018\Semester 2\MTRX3700\Software Exercises\exercise_3.X\main.asm
                  PWMFast   0x000062    program     static Z:\Dropbox\UNI\2018\Semester 2\MTRX3700\Software Exercises\exercise_3.X\main.asm
                  PWMSlow   0x00006c    program     static Z:\Dropbox\UNI\2018\Semester 2\MTRX3700\Software Exercises\exercise_3.X\main.asm
                    Setup   0x000030    program     static Z:\Dropbox\UNI\2018\Semester 2\MTRX3700\Software Exercises\exercise_3.X\main.asm
                 BSR_TEMP   0x000002       data     static Z:\Dropbox\UNI\2018\Semester 2\MTRX3700\Software Exercises\exercise_3.X\main.asm
              STATUS_TEMP   0x000000       data     static Z:\Dropbox\UNI\2018\Semester 2\MTRX3700\Software Exercises\exercise_3.X\main.asm
                WREG_TEMP   0x000001       data     static Z:\Dropbox\UNI\2018\Semester 2\MTRX3700\Software Exercises\exercise_3.X\main.asm



                              Symbols - Sorted by Address
                     Name    Address   Location    Storage File                     
                ---------  ---------  ---------  --------- ---------                
                    Setup   0x000030    program     static Z:\Dropbox\UNI\2018\Semester 2\MTRX3700\Software Exercises\exercise_3.X\main.asm
                     Main   0x00005a    program     static Z:\Dropbox\UNI\2018\Semester 2\MTRX3700\Software Exercises\exercise_3.X\main.asm
                  PWMFast   0x000062    program     static Z:\Dropbox\UNI\2018\Semester 2\MTRX3700\Software Exercises\exercise_3.X\main.asm
                  PWMSlow   0x00006c    program     static Z:\Dropbox\UNI\2018\Semester 2\MTRX3700\Software Exercises\exercise_3.X\main.asm
                 LoPriISR   0x00006e    program     static Z:\Dropbox\UNI\2018\Semester 2\MTRX3700\Software Exercises\exercise_3.X\main.asm
              STATUS_TEMP   0x000000       data     static Z:\Dropbox\UNI\2018\Semester 2\MTRX3700\Software Exercises\exercise_3.X\main.asm
                WREG_TEMP   0x000001       data     static Z:\Dropbox\UNI\2018\Semester 2\MTRX3700\Software Exercises\exercise_3.X\main.asm
                 BSR_TEMP   0x000002       data     static Z:\Dropbox\UNI\2018\Semester 2\MTRX3700\Software Exercises\exercise_3.X\main.asm


